Microchip MPLAB XC8 Compiler V2.10 ()

Linker command line:

-W-3 --edf=C:\Program Files (x86)\Microchip\xc8\v2.10\pic\dat\en_msgs.txt \
  -cs -h+dist/default/production\TesteCan2.X.production.sym \
  --cmf=dist/default/production\TesteCan2.X.production.cmf -z -Q18F25K80 \
  -oC:\Users\MICROV~1\AppData\Local\Temp\sb08.2 --defsym=__MPLAB_BUILD=1 \
  -Mdist/default/production/TesteCan2.X.production.map -E1 -ver=XC8 \
  --acfsm=1493 -ASTACK=060h-0E40h -pstack=STACK -ACODE=00h-07FFFh \
  -ACONST=00h-07FFFh -ASMALLCONST=0F00h-0FFFhx113 \
  -AMEDIUMCONST=0F00h-07FFFh -ACOMRAM=01h-05Fh -AABS1=00h-0E40h \
  -ABIGRAM=01h-0E40h -ARAM=060h-0FFh,0100h-01FFhx13,0E00h-0E40h \
  -ABANK0=060h-0FFh -ABANK1=0100h-01FFh -ABANK2=0200h-02FFh \
  -ABANK3=0300h-03FFh -ABANK4=0400h-04FFh -ABANK5=0500h-05FFh \
  -ABANK6=0600h-06FFh -ABANK7=0700h-07FFh -ABANK8=0800h-08FFh \
  -ABANK9=0900h-09FFh -ABANK10=0A00h-0AFFh -ABANK11=0B00h-0BFFh \
  -ABANK12=0C00h-0CFFh -ABANK13=0D00h-0DFFh -ABANK14=0E00h-0E40h \
  -ASFR=0E41h-0EFFh,0F00h-0F5Fh,0F60h-0FFFh \
  -preset_vec=00h,intcode=08h,intcodelo=018h,powerup,init -pramtop=0F00h \
  -psmallconst=SMALLCONST -pmediumconst=MEDIUMCONST -pconst=CONST \
  -AFARRAM=00h-00h -ACONFIG=0300000h-030000Dh -pconfig=CONFIG \
  -AIDLOC=0200000h-0200007h -pidloc=IDLOC -AEEDATA=0F00000h-0F003FFh \
  -peeprom_data=EEDATA \
  -prdata=COMRAM,nvrram=COMRAM,nvbit=COMRAM,rbss=COMRAM,rbit=COMRAM \
  -pfarbss=FARRAM,fardata=FARRAM,nvFARRAM=FARRAM \
  -pintsave_regs=BIGRAM,bigbss=BIGRAM,bigdata=BIGRAM -pbss=RAM \
  -pidata=CODE,irdata=CODE,ibigdata=CODE,ifardata=CODE -prparam=COMRAM \
  C:\Users\MICROV~1\AppData\Local\Temp\sb08.o \
  dist/default/production\TesteCan2.X.production.o 

Object code version is 3.11

Machine type is 18F25K80

Call graph: (short form)




                Name                               Link     Load   Length Selector   Space Scale
C:\Users\MICROV~1\AppData\Local\Temp\sb08.o
                init                                15E      15E        4        C       0
                reset_vec                             0        0        4        0       0
                idloc                            200000   200000        8   200000       0
                config                           300000   300000        E   300000       0
dist/default/production\TesteCan2.X.production.o
                intcodelo                            18       18      146        C       0
                intcode                               8        8        6        4       0
                temp                                 51       51        1        1       1
                text55                              642      642       2A        C       0
                text54                              868      868        6        C       0
                text53                              88A      88A        2        C       0
                text52                              862      862        6        C       0
                text51                              414      414       BC        C       0
                text50                              5D8      5D8       40        C       0
                intcode_body                        4D0      4D0       94        C       0
                text48                              888      888        2        C       0
                text47                              886      886        2        C       0
                text46                              884      884        2        C       0
                text45                              882      882        2        C       0
                text44                              880      880        2        C       0
                text43                              87E      87E        2        C       0
                text42                              87C      87C        2        C       0
                text41                              2F4      2F4      120        C       0
                text40                              87A      87A        2        C       0
                text39                              720      720       1E        C       0
                text38                              878      878        2        C       0
                text37                              702      702       1E        C       0
                text36                              876      876        2        C       0
                text35                              6E4      6E4       1E        C       0
                text34                              874      874        2        C       0
                text33                              6C6      6C6       1E        C       0
                text32                              872      872        2        C       0
                text31                              6A8      6A8       1E        C       0
                text30                              870      870        2        C       0
                text29                              68A      68A       1E        C       0
                text28                              86E      86E        2        C       0
                text27                              66C      66C       1E        C       0
                text25                              858      858        A        C       0
                text24                              84E      84E        A        C       0
                text23                              844      844        A        C       0
                text22                              83A      83A        A        C       0
                text21                              830      830        A        C       0
                text20                              826      826        A        C       0
                text19                              81C      81C        A        C       0
                text18                              812      812        A        C       0
                text17                              808      808        A        C       0
                text16                              7FE      7FE        A        C       0
                text15                              7F4      7F4        A        C       0
                text14                              7EA      7EA        A        C       0
                text13                              7E0      7E0        A        C       0
                text12                              7D6      7D6        A        C       0
                text11                              162      162      192        C       0
                text10                              7CC      7CC        A        C       0
                text9                               7C2      7C2        A        C       0
                text8                               7B8      7B8        A        C       0
                text7                               7AE      7AE        A        C       0
                text6                               7A4      7A4        A        C       0
                text5                               564      564       74        C       0
                text4                               758      758       18        C       0
                text3                               786      786       12        C       0
                text2                               618      618       2A        C       0
                text1                               770      770       16        C       0
                text0                               798      798        C        C       0
                cstackCOMRAM                         46       46        B        1       1
                bssCOMRAM                             1        1       3A        1       1
                cinit                               73E      73E       1A        C       0
                nvCOMRAM                             3B       3B        B        1       1

TOTAL           Name                               Link     Load   Length     Space
        CLASS   STACK          

        CLASS   CODE           
                intcodelo                            18       18      146         0
                intcode                               8        8        6         0
                init                                15E      15E        4         0
                reset_vec                             0        0        4         0
                text55                              642      642       2A         0
                text54                              868      868        6         0
                text53                              88A      88A        2         0
                text52                              862      862        6         0
                text51                              414      414       BC         0
                text50                              5D8      5D8       40         0
                intcode_body                        4D0      4D0       94         0
                text48                              888      888        2         0
                text47                              886      886        2         0
                text46                              884      884        2         0
                text45                              882      882        2         0
                text44                              880      880        2         0
                text43                              87E      87E        2         0
                text42                              87C      87C        2         0
                text41                              2F4      2F4      120         0
                text40                              87A      87A        2         0
                text39                              720      720       1E         0
                text38                              878      878        2         0
                text37                              702      702       1E         0
                text36                              876      876        2         0
                text35                              6E4      6E4       1E         0
                text34                              874      874        2         0
                text33                              6C6      6C6       1E         0
                text32                              872      872        2         0
                text31                              6A8      6A8       1E         0
                text30                              870      870        2         0
                text29                              68A      68A       1E         0
                text28                              86E      86E        2         0
                text27                              66C      66C       1E         0
                text25                              858      858        A         0
                text24                              84E      84E        A         0
                text23                              844      844        A         0
                text22                              83A      83A        A         0
                text21                              830      830        A         0
                text20                              826      826        A         0
                text19                              81C      81C        A         0
                text18                              812      812        A         0
                text17                              808      808        A         0
                text16                              7FE      7FE        A         0
                text15                              7F4      7F4        A         0
                text14                              7EA      7EA        A         0
                text13                              7E0      7E0        A         0
                text12                              7D6      7D6        A         0
                text11                              162      162      192         0
                text10                              7CC      7CC        A         0
                text9                               7C2      7C2        A         0
                text8                               7B8      7B8        A         0
                text7                               7AE      7AE        A         0
                text6                               7A4      7A4        A         0
                text5                               564      564       74         0
                text4                               758      758       18         0
                text3                               786      786       12         0
                text2                               618      618       2A         0
                text1                               770      770       16         0
                text0                               798      798        C         0
                cinit                               73E      73E       1A         0

        CLASS   CONST          

        CLASS   SMALLCONST     

        CLASS   MEDIUMCONST    

        CLASS   COMRAM         
                temp                                 51       51        1         1
                cstackCOMRAM                         46       46        B         1
                bssCOMRAM                             1        1       3A         1
                nvCOMRAM                             3B       3B        B         1

        CLASS   ABS1           

        CLASS   BIGRAM         

        CLASS   RAM            

        CLASS   BANK0          

        CLASS   BANK1          

        CLASS   BANK2          

        CLASS   BANK3          

        CLASS   BANK4          

        CLASS   BANK5          

        CLASS   BANK6          

        CLASS   BANK7          

        CLASS   BANK8          

        CLASS   BANK9          

        CLASS   BANK10         

        CLASS   BANK11         

        CLASS   BANK12         

        CLASS   BANK13         

        CLASS   BANK14         

        CLASS   SFR            

        CLASS   FARRAM         

        CLASS   CONFIG         
                config                           300000   300000        E         0

        CLASS   IDLOC          
                idloc                            200000   200000        8         0

        CLASS   EEDATA         



SEGMENTS        Name                           Load    Length   Top    Selector   Space  Class

                reset_vec                      000000  000004  000004         0       0  CODE    
                bssCOMRAM                      000001  000051  000052         1       1  COMRAM  
                intcode                        000008  000006  00000E         4       0  CODE    
                intcodelo                      000018  000874  00088C         C       0  CODE    
                idloc                          200000  000008  200008    200000       0  IDLOC   
                config                         300000  00000E  30000E    300000       0  CONFIG  


UNUSED ADDRESS RANGES

        Name                Unused          Largest block    Delta
        BANK0            000060-0000FF               A0
        BANK1            000100-0001FF              100
        BANK10           000A00-000AFF              100
        BANK11           000B00-000BFF              100
        BANK12           000C00-000CFF              100
        BANK13           000D00-000DFF              100
        BANK14           000E00-000E40               41
        BANK2            000200-0002FF              100
        BANK3            000300-0003FF              100
        BANK4            000400-0004FF              100
        BANK5            000500-0005FF              100
        BANK6            000600-0006FF              100
        BANK7            000700-0007FF              100
        BANK8            000800-0008FF              100
        BANK9            000900-0009FF              100
        BIGRAM           000052-000E40              DEF
        CODE             000004-000007                4
                         00000E-000017                A
                         00088C-007FFF             7774
        COMRAM           000052-00005F                E
        CONST            000004-000007                4
                         00000E-000017                A
                         00088C-007FFF             7774
        EEDATA           F00000-F003FF              400
        MEDIUMCONST      000F00-007FFF             7100
        RAM              000060-000E40              100
        SFR              000E41-000FFF               BF
        SMALLCONST       000F00-007FFF              100
        STACK            000060-000E40              DE1

                                  Symbol Table

ECAN_SetBusOffHandler@handler                   cstackCOMRAM 00004E
ECAN_SetMessageErrorInterruptHandler@handler    cstackCOMRAM 00004E
ECAN_SetRXB0InterruptHandler@handler            cstackCOMRAM 00004E
ECAN_SetRXB0OverflowHandler@handler             cstackCOMRAM 00004E
ECAN_SetRXB1InterruptHandler@handler            cstackCOMRAM 00004E
ECAN_SetRXB1OverflowHandler@handler             cstackCOMRAM 00004E
ECAN_SetRXPassiveHandler@handler                cstackCOMRAM 00004E
ECAN_SetRXWarningHandler@handler                cstackCOMRAM 00004E
ECAN_SetTXB0InterruptHandler@handler            cstackCOMRAM 00004E
ECAN_SetTXB1InterruptHandler@handler            cstackCOMRAM 00004E
ECAN_SetTXB2InterruptHandler@handler            cstackCOMRAM 00004E
ECAN_SetTXPassiveHandler@handler                cstackCOMRAM 00004E
ECAN_SetTXWarningHandler@handler                cstackCOMRAM 00004E
ECAN_SetWakeUpInterruptHandler@handler          cstackCOMRAM 00004E
EUSART1_SetErrorHandler@interruptHandler        cstackCOMRAM 00004E
EUSART1_SetFramingErrorHandler@interruptHandler cstackCOMRAM 00004E
EUSART1_SetOverrunErrorHandler@interruptHandler cstackCOMRAM 00004E
EUSART1_SetRxInterruptHandler@interruptHandler  cstackCOMRAM 00004E
EUSART1_SetTxInterruptHandler@interruptHandler  cstackCOMRAM 00004E
_ANCON0                                         (abs)        000F5D
_ANCON1                                         (abs)        000F5C
_BAUDCON1                                       (abs)        000FA7
_BRGCON1                                        (abs)        000E43
_BRGCON2                                        (abs)        000E44
_BRGCON3                                        (abs)        000E45
_BusOffDefaultHandler                           text48       000888
_BusOffHandler                                  bssCOMRAM    000025
_CANCON                                         (abs)        000F6F
_CANSTAT                                        (abs)        000F6E
_CIOCON                                         (abs)        000F70
_COMSTATbits                                    (abs)        000F71
_ECANCON                                        (abs)        000F72
_ECAN_ERRI_ISR                                  text41       0002F4
_ECAN_IRXI_ISR                                  text39       000720
_ECAN_Initialize                                text11       000162
_ECAN_RXB0I_ISR                                 text37       000702
_ECAN_RXB1I_ISR                                 text35       0006E4
_ECAN_SetBusOffHandler                          text25       000858
_ECAN_SetMessageErrorInterruptHandler           text24       00084E
_ECAN_SetRXB0InterruptHandler                   text23       000844
_ECAN_SetRXB0OverflowHandler                    text22       00083A
_ECAN_SetRXB1InterruptHandler                   text21       000830
_ECAN_SetRXB1OverflowHandler                    text20       000826
_ECAN_SetRXPassiveHandler                       text19       00081C
_ECAN_SetRXWarningHandler                       text18       000812
_ECAN_SetTXB0InterruptHandler                   text17       000808
_ECAN_SetTXB1InterruptHandler                   text16       0007FE
_ECAN_SetTXB2InterruptHandler                   text15       0007F4
_ECAN_SetTXPassiveHandler                       text14       0007EA
_ECAN_SetTXWarningHandler                       text13       0007E0
_ECAN_SetWakeUpInterruptHandler                 text12       0007D6
_ECAN_TXB0I_ISR                                 text33       0006C6
_ECAN_TXB1I_ISR                                 text31       0006A8
_ECAN_TXB2I_ISR                                 text29       00068A
_ECAN_WAKI_ISR                                  text27       00066C
_EUSART1_DefaultErrorHandler                    text54       000868
_EUSART1_DefaultFramingErrorHandler             text53       00088A
_EUSART1_DefaultOverrunErrorHandler             text52       000862
_EUSART1_ErrorHandler                           nvCOMRAM     00003B
_EUSART1_FramingErrorHandler                    nvCOMRAM     00003F
_EUSART1_Initialize                             text5        000564
_EUSART1_OverrunErrorHandler                    nvCOMRAM     00003D
_EUSART1_Receive_ISR                            text51       000414
_EUSART1_RxDataHandler                          text55       000642
_EUSART1_RxDefaultInterruptHandler              nvCOMRAM     000041
_EUSART1_SetErrorHandler                        text10       0007CC
_EUSART1_SetFramingErrorHandler                 text9        0007C2
_EUSART1_SetOverrunErrorHandler                 text8        0007B8
_EUSART1_SetRxInterruptHandler                  text7        0007AE
_EUSART1_SetTxInterruptHandler                  text6        0007A4
_EUSART1_Transmit_ISR                           text50       0005D8
_EUSART1_TxDefaultInterruptHandler              nvCOMRAM     000043
_INTCON2bits                                    (abs)        000FF1
_INTCONbits                                     (abs)        000FF2
_INTERRUPT_Initialize                           text4        000758
_INTERRUPT_InterruptManagerHigh                 intcode      000008
_INTERRUPT_InterruptManagerLow                  intcodelo    000018
_IPR1bits                                       (abs)        000F9F
_IPR5bits                                       (abs)        000F78
_LATA                                           (abs)        000F89
_LATB                                           (abs)        000F8A
_LATC                                           (abs)        000F8B
_MessageErrorDefaultInterruptHandler            text40       00087A
_MessageErrorInterruptHandler                   bssCOMRAM    000019
_OSCCON                                         (abs)        000FD3
_OSCCON2                                        (abs)        000FD2
_OSCILLATOR_Initialize                          text3        000786
_OSCTUNE                                        (abs)        000F9B
_PIE1bits                                       (abs)        000F9D
_PIE5bits                                       (abs)        000F76
_PIN_MANAGER_Initialize                         text2        000618
_PIR1bits                                       (abs)        000F9E
_PIR5bits                                       (abs)        000F77
_RCONbits                                       (abs)        000FD0
_RCREG1                                         (abs)        000FAE
_RCSTA1                                         (abs)        000FAB
_RCSTA1bits                                     (abs)        000FAB
_REFOCON                                        (abs)        000F9A
_RXB0CONbits                                    (abs)        000F60
_RXB0D0                                         (abs)        000F66
_RXB0D1                                         (abs)        000F67
_RXB0D2                                         (abs)        000F68
_RXB0D3                                         (abs)        000F69
_RXB0D4                                         (abs)        000F6A
_RXB0D5                                         (abs)        000F6B
_RXB0D6                                         (abs)        000F6C
_RXB0D7                                         (abs)        000F6D
_RXB0DLC                                        (abs)        000F65
_RXB0DefaultInterruptHandler                    text38       000878
_RXB0EIDH                                       (abs)        000F63
_RXB0EIDL                                       (abs)        000F64
_RXB0InterruptHandler                           bssCOMRAM    000033
_RXB0OverflowDefaultHandler                     text47       000886
_RXB0OverflowHandler                            bssCOMRAM    000029
_RXB0SIDH                                       (abs)        000F61
_RXB0SIDL                                       (abs)        000F62
_RXB1CONbits                                    (abs)        000F30
_RXB1D0                                         (abs)        000F36
_RXB1D1                                         (abs)        000F37
_RXB1D2                                         (abs)        000F38
_RXB1D3                                         (abs)        000F39
_RXB1D4                                         (abs)        000F3A
_RXB1D5                                         (abs)        000F3B
_RXB1D6                                         (abs)        000F3C
_RXB1D7                                         (abs)        000F3D
_RXB1DLC                                        (abs)        000F35
_RXB1DefaultInterruptHandler                    text36       000876
_RXB1EIDH                                       (abs)        000F33
_RXB1EIDL                                       (abs)        000F34
_RXB1InterruptHandler                           bssCOMRAM    000031
_RXB1OverflowDefaultHandler                     text46       000884
_RXB1OverflowHandler                            bssCOMRAM    000027
_RXB1SIDH                                       (abs)        000F31
_RXB1SIDL                                       (abs)        000F32
_RXF0EIDH                                       (abs)        000EE2
_RXF0EIDL                                       (abs)        000EE3
_RXF0SIDH                                       (abs)        000EE0
_RXF0SIDL                                       (abs)        000EE1
_RXF1EIDH                                       (abs)        000EE6
_RXF1EIDL                                       (abs)        000EE7
_RXF1SIDH                                       (abs)        000EE4
_RXF1SIDL                                       (abs)        000EE5
_RXF2EIDH                                       (abs)        000EEA
_RXF2EIDL                                       (abs)        000EEB
_RXF2SIDH                                       (abs)        000EE8
_RXF2SIDL                                       (abs)        000EE9
_RXF3EIDH                                       (abs)        000EEE
_RXF3EIDL                                       (abs)        000EEF
_RXF3SIDH                                       (abs)        000EEC
_RXF3SIDL                                       (abs)        000EED
_RXF4EIDH                                       (abs)        000EF2
_RXF4EIDL                                       (abs)        000EF3
_RXF4SIDH                                       (abs)        000EF0
_RXF4SIDL                                       (abs)        000EF1
_RXF5EIDH                                       (abs)        000EF6
_RXF5EIDL                                       (abs)        000EF7
_RXF5SIDH                                       (abs)        000EF4
_RXF5SIDL                                       (abs)        000EF5
_RXM0EIDH                                       (abs)        000EFA
_RXM0EIDL                                       (abs)        000EFB
_RXM0SIDH                                       (abs)        000EF8
_RXM0SIDL                                       (abs)        000EF9
_RXM1EIDH                                       (abs)        000EFE
_RXM1EIDL                                       (abs)        000EFF
_RXM1SIDH                                       (abs)        000EFC
_RXM1SIDL                                       (abs)        000EFD
_RXPassiveDefaultHandler                        text45       000882
_RXPassiveHandler                               bssCOMRAM    000021
_RXWarningDefaultHandler                        text44       000880
_RXWarningHandler                               bssCOMRAM    00001D
_SPBRG1                                         (abs)        000FAF
_SPBRGH1                                        (abs)        000F7D
_SYSTEM_Initialize                              text1        000770
_TRISA                                          (abs)        000F92
_TRISB                                          (abs)        000F93
_TRISC                                          (abs)        000F94
_TXB0CONbits                                    (abs)        000F20
_TXB0D0                                         (abs)        000F26
_TXB0D1                                         (abs)        000F27
_TXB0D2                                         (abs)        000F28
_TXB0D3                                         (abs)        000F29
_TXB0D4                                         (abs)        000F2A
_TXB0D5                                         (abs)        000F2B
_TXB0D6                                         (abs)        000F2C
_TXB0D7                                         (abs)        000F2D
_TXB0DLC                                        (abs)        000F25
_TXB0DefaultInterruptHandler                    text34       000874
_TXB0EIDH                                       (abs)        000F23
_TXB0EIDL                                       (abs)        000F24
_TXB0InterruptHandler                           bssCOMRAM    00002F
_TXB0SIDH                                       (abs)        000F21
_TXB0SIDL                                       (abs)        000F22
_TXB1CONbits                                    (abs)        000F10
_TXB1D0                                         (abs)        000F16
_TXB1D1                                         (abs)        000F17
_TXB1D2                                         (abs)        000F18
_TXB1D3                                         (abs)        000F19
_TXB1D4                                         (abs)        000F1A
_TXB1D5                                         (abs)        000F1B
_TXB1D6                                         (abs)        000F1C
_TXB1D7                                         (abs)        000F1D
_TXB1DLC                                        (abs)        000F15
_TXB1DefaultInterruptHandler                    text32       000872
_TXB1EIDH                                       (abs)        000F13
_TXB1EIDL                                       (abs)        000F14
_TXB1InterruptHandler                           bssCOMRAM    00002D
_TXB1SIDH                                       (abs)        000F11
_TXB1SIDL                                       (abs)        000F12
_TXB2CONbits                                    (abs)        000F00
_TXB2D0                                         (abs)        000F06
_TXB2D1                                         (abs)        000F07
_TXB2D2                                         (abs)        000F08
_TXB2D3                                         (abs)        000F09
_TXB2D4                                         (abs)        000F0A
_TXB2D5                                         (abs)        000F0B
_TXB2D6                                         (abs)        000F0C
_TXB2D7                                         (abs)        000F0D
_TXB2DLC                                        (abs)        000F05
_TXB2DefaultInterruptHandler                    text30       000870
_TXB2EIDH                                       (abs)        000F03
_TXB2EIDL                                       (abs)        000F04
_TXB2InterruptHandler                           bssCOMRAM    00002B
_TXB2SIDH                                       (abs)        000F01
_TXB2SIDL                                       (abs)        000F02
_TXPassiveDefaultHandler                        text43       00087E
_TXPassiveHandler                               bssCOMRAM    000023
_TXREG1                                         (abs)        000FAD
_TXSTA1                                         (abs)        000FAC
_TXSTA1bits                                     (abs)        000FAC
_TXWarningDefaultHandler                        text42       00087C
_TXWarningHandler                               bssCOMRAM    00001F
_WPUB                                           (abs)        000F5B
_WakeUpDefaultInterruptHandler                  text28       00086E
_WakeUpInterruptHandler                         bssCOMRAM    00001B
__CFG_BBSIZ$BB2K                                (abs)        000000
__CFG_BOREN$SBORDIS                             (abs)        000000
__CFG_BORPWR$ZPBORMV                            (abs)        000000
__CFG_BORV$3                                    (abs)        000000
__CFG_CANMX$PORTB                               (abs)        000000
__CFG_CP0$OFF                                   (abs)        000000
__CFG_CP1$OFF                                   (abs)        000000
__CFG_CP2$OFF                                   (abs)        000000
__CFG_CP3$OFF                                   (abs)        000000
__CFG_CPB$OFF                                   (abs)        000000
__CFG_CPD$OFF                                   (abs)        000000
__CFG_EBTR0$OFF                                 (abs)        000000
__CFG_EBTR1$OFF                                 (abs)        000000
__CFG_EBTR2$OFF                                 (abs)        000000
__CFG_EBTR3$OFF                                 (abs)        000000
__CFG_EBTRB$OFF                                 (abs)        000000
__CFG_FCMEN$OFF                                 (abs)        000000
__CFG_FOSC$HS1                                  (abs)        000000
__CFG_IESO$OFF                                  (abs)        000000
__CFG_INTOSCSEL$HIGH                            (abs)        000000
__CFG_MCLRE$ON                                  (abs)        000000
__CFG_MSSPMSK$MSK7                              (abs)        000000
__CFG_PLLCFG$ON                                 (abs)        000000
__CFG_PWRTEN$OFF                                (abs)        000000
__CFG_RETEN$OFF                                 (abs)        000000
__CFG_SOSCSEL$DIG                               (abs)        000000
__CFG_STVREN$ON                                 (abs)        000000
__CFG_WDTEN$OFF                                 (abs)        000000
__CFG_WDTPS$1048576                             (abs)        000000
__CFG_WRT0$OFF                                  (abs)        000000
__CFG_WRT1$OFF                                  (abs)        000000
__CFG_WRT2$OFF                                  (abs)        000000
__CFG_WRT3$OFF                                  (abs)        000000
__CFG_WRTB$OFF                                  (abs)        000000
__CFG_WRTC$OFF                                  (abs)        000000
__CFG_WRTD$OFF                                  (abs)        000000
__CFG_XINST$OFF                                 (abs)        000000
__HRAM                                          (abs)        000000
__Habs1                                         abs1         000000
__Hbank0                                        bank0        000000
__Hbank1                                        bank1        000000
__Hbank10                                       bank10       000000
__Hbank11                                       bank11       000000
__Hbank12                                       bank12       000000
__Hbank13                                       bank13       000000
__Hbank14                                       bank14       000000
__Hbank2                                        bank2        000000
__Hbank3                                        bank3        000000
__Hbank4                                        bank4        000000
__Hbank5                                        bank5        000000
__Hbank6                                        bank6        000000
__Hbank7                                        bank7        000000
__Hbank8                                        bank8        000000
__Hbank9                                        bank9        000000
__Hbigbss                                       bigbss       000000
__Hbigdata                                      bigdata      000000
__Hbigram                                       bigram       000000
__Hbss                                          bss          000000
__HbssCOMRAM                                    bssCOMRAM    000000
__Hcinit                                        cinit        000000
__Hclrtext                                      clrtext      000000
__Hcomram                                       comram       000000
__Hconfig                                       config       30000E
__Hconst                                        const        000000
__HcstackCOMRAM                                 cstackCOMRAM 000000
__Hdata                                         data         000000
__Heeprom_data                                  eeprom_data  000000
__Hfarbss                                       farbss       000000
__Hfardata                                      fardata      000000
__Hibigdata                                     ibigdata     000000
__Hidata                                        idata        000000
__Hidloc                                        idloc        200008
__Hifardata                                     ifardata     000000
__Hinit                                         init         000162
__Hintcode                                      intcode      00000E
__Hintcode_body                                 intcode_body 000000
__Hintcodelo                                    intcodelo    00015E
__Hintentry                                     intentry     000000
__Hintret                                       intret       000000
__Hintsave_regs                                 intsave_regs 000000
__Hirdata                                       irdata       000000
__Hmediumconst                                  mediumconst  000000
__HnvCOMRAM                                     nvCOMRAM     000000
__HnvFARRAM                                     nvFARRAM     000000
__Hnvbit                                        nvbit        000000
__Hnvrram                                       nvrram       000000
__Hparam                                        rparam       000000
__Hpowerup                                      powerup      00015E
__Hram                                          ram          000000
__Hramtop                                       ramtop       000F00
__Hrbit                                         rbit         000000
__Hrbss                                         rbss         000000
__Hrdata                                        rdata        000000
__Hreset_vec                                    reset_vec    000004
__Hrparam                                       rparam       000000
__Hsfr                                          sfr          000000
__Hsmallconst                                   smallconst   000000
__Hspace_0                                      (abs)        30000E
__Hspace_1                                      (abs)        000052
__Hspace_2                                      (abs)        000000
__Hstack                                        stack        000000
__Hstruct                                       struct       000000
__Htemp                                         temp         000052
__Htext                                         text         000000
__Htext0                                        text0        000000
__Htext1                                        text1        000000
__Htext10                                       text10       000000
__Htext11                                       text11       000000
__Htext12                                       text12       000000
__Htext13                                       text13       000000
__Htext14                                       text14       000000
__Htext15                                       text15       000000
__Htext16                                       text16       000000
__Htext17                                       text17       000000
__Htext18                                       text18       000000
__Htext19                                       text19       000000
__Htext2                                        text2        000000
__Htext20                                       text20       000000
__Htext21                                       text21       000000
__Htext22                                       text22       000000
__Htext23                                       text23       000000
__Htext24                                       text24       000000
__Htext25                                       text25       000000
__Htext27                                       text27       000000
__Htext28                                       text28       000000
__Htext29                                       text29       000000
__Htext3                                        text3        000000
__Htext30                                       text30       000000
__Htext31                                       text31       000000
__Htext32                                       text32       000000
__Htext33                                       text33       000000
__Htext34                                       text34       000000
__Htext35                                       text35       000000
__Htext36                                       text36       000000
__Htext37                                       text37       000000
__Htext38                                       text38       000000
__Htext39                                       text39       000000
__Htext4                                        text4        000000
__Htext40                                       text40       000000
__Htext41                                       text41       000000
__Htext42                                       text42       000000
__Htext43                                       text43       000000
__Htext44                                       text44       000000
__Htext45                                       text45       000000
__Htext46                                       text46       000000
__Htext47                                       text47       000000
__Htext48                                       text48       000000
__Htext5                                        text5        000000
__Htext50                                       text50       000000
__Htext51                                       text51       000000
__Htext52                                       text52       000000
__Htext53                                       text53       000000
__Htext54                                       text54       000000
__Htext55                                       text55       000000
__Htext56                                       text56       000000
__Htext6                                        text6        000000
__Htext7                                        text7        000000
__Htext8                                        text8        000000
__Htext9                                        text9        000000
__LRAM                                          (abs)        000001
__Labs1                                         abs1         000000
__Lbank0                                        bank0        000000
__Lbank1                                        bank1        000000
__Lbank10                                       bank10       000000
__Lbank11                                       bank11       000000
__Lbank12                                       bank12       000000
__Lbank13                                       bank13       000000
__Lbank14                                       bank14       000000
__Lbank2                                        bank2        000000
__Lbank3                                        bank3        000000
__Lbank4                                        bank4        000000
__Lbank5                                        bank5        000000
__Lbank6                                        bank6        000000
__Lbank7                                        bank7        000000
__Lbank8                                        bank8        000000
__Lbank9                                        bank9        000000
__Lbigbss                                       bigbss       000000
__Lbigdata                                      bigdata      000000
__Lbigram                                       bigram       000000
__Lbss                                          bss          000000
__LbssCOMRAM                                    bssCOMRAM    000000
__Lcinit                                        cinit        000000
__Lclrtext                                      clrtext      000000
__Lcomram                                       comram       000000
__Lconfig                                       config       300000
__Lconst                                        const        000000
__LcstackCOMRAM                                 cstackCOMRAM 000000
__Ldata                                         data         000000
__Leeprom_data                                  eeprom_data  000000
__Lfarbss                                       farbss       000000
__Lfardata                                      fardata      000000
__Libigdata                                     ibigdata     000000
__Lidata                                        idata        000000
__Lidloc                                        idloc        200000
__Lifardata                                     ifardata     000000
__Linit                                         init         00015E
__Lintcode                                      intcode      000008
__Lintcode_body                                 intcode_body 000000
__Lintcodelo                                    intcodelo    000018
__Lintentry                                     intentry     000000
__Lintret                                       intret       000000
__Lintsave_regs                                 intsave_regs 000000
__Lirdata                                       irdata       000000
__Lmediumconst                                  mediumconst  000000
__LnvCOMRAM                                     nvCOMRAM     000000
__LnvFARRAM                                     nvFARRAM     000000
__Lnvbit                                        nvbit        000000
__Lnvrram                                       nvrram       000000
__Lparam                                        rparam       000000
__Lpowerup                                      powerup      00015E
__Lram                                          ram          000000
__Lramtop                                       ramtop       000F00
__Lrbit                                         rbit         000000
__Lrbss                                         rbss         000000
__Lrdata                                        rdata        000000
__Lreset_vec                                    reset_vec    000000
__Lrparam                                       rparam       000000
__Lsfr                                          sfr          000000
__Lsmallconst                                   smallconst   000000
__Lspace_0                                      (abs)        000000
__Lspace_1                                      (abs)        000000
__Lspace_2                                      (abs)        000000
__Lstack                                        stack        000000
__Lstruct                                       struct       000000
__Ltemp                                         temp         000051
__Ltext                                         text         000000
__Ltext0                                        text0        000000
__Ltext1                                        text1        000000
__Ltext10                                       text10       000000
__Ltext11                                       text11       000000
__Ltext12                                       text12       000000
__Ltext13                                       text13       000000
__Ltext14                                       text14       000000
__Ltext15                                       text15       000000
__Ltext16                                       text16       000000
__Ltext17                                       text17       000000
__Ltext18                                       text18       000000
__Ltext19                                       text19       000000
__Ltext2                                        text2        000000
__Ltext20                                       text20       000000
__Ltext21                                       text21       000000
__Ltext22                                       text22       000000
__Ltext23                                       text23       000000
__Ltext24                                       text24       000000
__Ltext25                                       text25       000000
__Ltext27                                       text27       000000
__Ltext28                                       text28       000000
__Ltext29                                       text29       000000
__Ltext3                                        text3        000000
__Ltext30                                       text30       000000
__Ltext31                                       text31       000000
__Ltext32                                       text32       000000
__Ltext33                                       text33       000000
__Ltext34                                       text34       000000
__Ltext35                                       text35       000000
__Ltext36                                       text36       000000
__Ltext37                                       text37       000000
__Ltext38                                       text38       000000
__Ltext39                                       text39       000000
__Ltext4                                        text4        000000
__Ltext40                                       text40       000000
__Ltext41                                       text41       000000
__Ltext42                                       text42       000000
__Ltext43                                       text43       000000
__Ltext44                                       text44       000000
__Ltext45                                       text45       000000
__Ltext46                                       text46       000000
__Ltext47                                       text47       000000
__Ltext48                                       text48       000000
__Ltext5                                        text5        000000
__Ltext50                                       text50       000000
__Ltext51                                       text51       000000
__Ltext52                                       text52       000000
__Ltext53                                       text53       000000
__Ltext54                                       text54       000000
__Ltext55                                       text55       000000
__Ltext56                                       text56       000000
__Ltext6                                        text6        000000
__Ltext7                                        text7        000000
__Ltext8                                        text8        000000
__Ltext9                                        text9        000000
__S0                                            (abs)        30000E
__S1                                            (abs)        000052
__S2                                            (abs)        000000
___inthi_sp                                     stack        000000
___intlo_sp                                     stack        000000
___param_bank                                   (abs)        000000
___rparam_used                                  (abs)        000001
___sp                                           stack        000000
__accesstop                                     (abs)        000060
__activetblptr                                  (abs)        000002
__end_of_BusOffDefaultHandler                   text48       00088A
__end_of_ECAN_ERRI_ISR                          text41       000414
__end_of_ECAN_IRXI_ISR                          text39       00073E
__end_of_ECAN_Initialize                        text11       0002F4
__end_of_ECAN_RXB0I_ISR                         text37       000720
__end_of_ECAN_RXB1I_ISR                         text35       000702
__end_of_ECAN_SetBusOffHandler                  text25       000862
__end_of_ECAN_SetMessageErrorInterruptHandler   text24       000858
__end_of_ECAN_SetRXB0InterruptHandler           text23       00084E
__end_of_ECAN_SetRXB0OverflowHandler            text22       000844
__end_of_ECAN_SetRXB1InterruptHandler           text21       00083A
__end_of_ECAN_SetRXB1OverflowHandler            text20       000830
__end_of_ECAN_SetRXPassiveHandler               text19       000826
__end_of_ECAN_SetRXWarningHandler               text18       00081C
__end_of_ECAN_SetTXB0InterruptHandler           text17       000812
__end_of_ECAN_SetTXB1InterruptHandler           text16       000808
__end_of_ECAN_SetTXB2InterruptHandler           text15       0007FE
__end_of_ECAN_SetTXPassiveHandler               text14       0007F4
__end_of_ECAN_SetTXWarningHandler               text13       0007EA
__end_of_ECAN_SetWakeUpInterruptHandler         text12       0007E0
__end_of_ECAN_TXB0I_ISR                         text33       0006E4
__end_of_ECAN_TXB1I_ISR                         text31       0006C6
__end_of_ECAN_TXB2I_ISR                         text29       0006A8
__end_of_ECAN_WAKI_ISR                          text27       00068A
__end_of_EUSART1_DefaultErrorHandler            text54       00086E
__end_of_EUSART1_DefaultFramingErrorHandler     text53       00088C
__end_of_EUSART1_DefaultOverrunErrorHandler     text52       000868
__end_of_EUSART1_Initialize                     text5        0005D8
__end_of_EUSART1_Receive_ISR                    text51       0004D0
__end_of_EUSART1_RxDataHandler                  text55       00066C
__end_of_EUSART1_SetErrorHandler                text10       0007D6
__end_of_EUSART1_SetFramingErrorHandler         text9        0007CC
__end_of_EUSART1_SetOverrunErrorHandler         text8        0007C2
__end_of_EUSART1_SetRxInterruptHandler          text7        0007B8
__end_of_EUSART1_SetTxInterruptHandler          text6        0007AE
__end_of_EUSART1_Transmit_ISR                   text50       000618
__end_of_INTERRUPT_Initialize                   text4        000770
__end_of_INTERRUPT_InterruptManagerHigh         intcode_body 000564
__end_of_INTERRUPT_InterruptManagerLow          intcodelo    00015E
__end_of_MessageErrorDefaultInterruptHandler    text40       00087C
__end_of_OSCILLATOR_Initialize                  text3        000798
__end_of_PIN_MANAGER_Initialize                 text2        000642
__end_of_RXB0DefaultInterruptHandler            text38       00087A
__end_of_RXB0OverflowDefaultHandler             text47       000888
__end_of_RXB1DefaultInterruptHandler            text36       000878
__end_of_RXB1OverflowDefaultHandler             text46       000886
__end_of_RXPassiveDefaultHandler                text45       000884
__end_of_RXWarningDefaultHandler                text44       000882
__end_of_SYSTEM_Initialize                      text1        000786
__end_of_TXB0DefaultInterruptHandler            text34       000876
__end_of_TXB1DefaultInterruptHandler            text32       000874
__end_of_TXB2DefaultInterruptHandler            text30       000872
__end_of_TXPassiveDefaultHandler                text43       000880
__end_of_TXWarningDefaultHandler                text42       00087E
__end_of_WakeUpDefaultInterruptHandler          text28       000870
__end_of__initialization                        cinit        00074A
__end_of_main                                   text0        0007A4
__initialization                                cinit        00073E
__mediumconst                                   mediumconst  000000
__pbssCOMRAM                                    bssCOMRAM    000001
__pcinit                                        cinit        00073E
__pcstackCOMRAM                                 cstackCOMRAM 000046
__pintcode                                      intcode      000008
__pintcode_body                                 intcode_body 0004D0
__pintcodelo                                    intcodelo    000018
__pnvCOMRAM                                     nvCOMRAM     00003B
__ptext0                                        text0        000798
__ptext1                                        text1        000770
__ptext10                                       text10       0007CC
__ptext11                                       text11       000162
__ptext12                                       text12       0007D6
__ptext13                                       text13       0007E0
__ptext14                                       text14       0007EA
__ptext15                                       text15       0007F4
__ptext16                                       text16       0007FE
__ptext17                                       text17       000808
__ptext18                                       text18       000812
__ptext19                                       text19       00081C
__ptext2                                        text2        000618
__ptext20                                       text20       000826
__ptext21                                       text21       000830
__ptext22                                       text22       00083A
__ptext23                                       text23       000844
__ptext24                                       text24       00084E
__ptext25                                       text25       000858
__ptext27                                       text27       00066C
__ptext28                                       text28       00086E
__ptext29                                       text29       00068A
__ptext3                                        text3        000786
__ptext30                                       text30       000870
__ptext31                                       text31       0006A8
__ptext32                                       text32       000872
__ptext33                                       text33       0006C6
__ptext34                                       text34       000874
__ptext35                                       text35       0006E4
__ptext36                                       text36       000876
__ptext37                                       text37       000702
__ptext38                                       text38       000878
__ptext39                                       text39       000720
__ptext4                                        text4        000758
__ptext40                                       text40       00087A
__ptext41                                       text41       0002F4
__ptext42                                       text42       00087C
__ptext43                                       text43       00087E
__ptext44                                       text44       000880
__ptext45                                       text45       000882
__ptext46                                       text46       000884
__ptext47                                       text47       000886
__ptext48                                       text48       000888
__ptext5                                        text5        000564
__ptext50                                       text50       0005D8
__ptext51                                       text51       000414
__ptext52                                       text52       000862
__ptext53                                       text53       00088A
__ptext54                                       text54       000868
__ptext55                                       text55       000642
__ptext56                                       text56       000000
__ptext6                                        text6        0007A4
__ptext7                                        text7        0007AE
__ptext8                                        text8        0007B8
__ptext9                                        text9        0007C2
__ramtop                                        ramtop       000F00
__size_of_BusOffDefaultHandler                  (abs)        000000
__size_of_ECAN_ERRI_ISR                         (abs)        000000
__size_of_ECAN_IRXI_ISR                         (abs)        000000
__size_of_ECAN_Initialize                       (abs)        000000
__size_of_ECAN_RXB0I_ISR                        (abs)        000000
__size_of_ECAN_RXB1I_ISR                        (abs)        000000
__size_of_ECAN_SetBusOffHandler                 (abs)        000000
__size_of_ECAN_SetMessageErrorInterruptHandler  (abs)        000000
__size_of_ECAN_SetRXB0InterruptHandler          (abs)        000000
__size_of_ECAN_SetRXB0OverflowHandler           (abs)        000000
__size_of_ECAN_SetRXB1InterruptHandler          (abs)        000000
__size_of_ECAN_SetRXB1OverflowHandler           (abs)        000000
__size_of_ECAN_SetRXPassiveHandler              (abs)        000000
__size_of_ECAN_SetRXWarningHandler              (abs)        000000
__size_of_ECAN_SetTXB0InterruptHandler          (abs)        000000
__size_of_ECAN_SetTXB1InterruptHandler          (abs)        000000
__size_of_ECAN_SetTXB2InterruptHandler          (abs)        000000
__size_of_ECAN_SetTXPassiveHandler              (abs)        000000
__size_of_ECAN_SetTXWarningHandler              (abs)        000000
__size_of_ECAN_SetWakeUpInterruptHandler        (abs)        000000
__size_of_ECAN_TXB0I_ISR                        (abs)        000000
__size_of_ECAN_TXB1I_ISR                        (abs)        000000
__size_of_ECAN_TXB2I_ISR                        (abs)        000000
__size_of_ECAN_WAKI_ISR                         (abs)        000000
__size_of_EUSART1_DefaultErrorHandler           (abs)        000000
__size_of_EUSART1_DefaultFramingErrorHandler    (abs)        000000
__size_of_EUSART1_DefaultOverrunErrorHandler    (abs)        000000
__size_of_EUSART1_Initialize                    (abs)        000000
__size_of_EUSART1_Receive_ISR                   (abs)        000000
__size_of_EUSART1_RxDataHandler                 (abs)        000000
__size_of_EUSART1_SetErrorHandler               (abs)        000000
__size_of_EUSART1_SetFramingErrorHandler        (abs)        000000
__size_of_EUSART1_SetOverrunErrorHandler        (abs)        000000
__size_of_EUSART1_SetRxInterruptHandler         (abs)        000000
__size_of_EUSART1_SetTxInterruptHandler         (abs)        000000
__size_of_EUSART1_Transmit_ISR                  (abs)        000000
__size_of_INTERRUPT_Initialize                  (abs)        000000
__size_of_INTERRUPT_InterruptManagerHigh        (abs)        000000
__size_of_INTERRUPT_InterruptManagerLow         (abs)        000000
__size_of_MessageErrorDefaultInterruptHandler   (abs)        000000
__size_of_OSCILLATOR_Initialize                 (abs)        000000
__size_of_PIN_MANAGER_Initialize                (abs)        000000
__size_of_RXB0DefaultInterruptHandler           (abs)        000000
__size_of_RXB0OverflowDefaultHandler            (abs)        000000
__size_of_RXB1DefaultInterruptHandler           (abs)        000000
__size_of_RXB1OverflowDefaultHandler            (abs)        000000
__size_of_RXPassiveDefaultHandler               (abs)        000000
__size_of_RXWarningDefaultHandler               (abs)        000000
__size_of_SYSTEM_Initialize                     (abs)        000000
__size_of_TXB0DefaultInterruptHandler           (abs)        000000
__size_of_TXB1DefaultInterruptHandler           (abs)        000000
__size_of_TXB2DefaultInterruptHandler           (abs)        000000
__size_of_TXPassiveDefaultHandler               (abs)        000000
__size_of_TXWarningDefaultHandler               (abs)        000000
__size_of_WakeUpDefaultInterruptHandler         (abs)        000000
__size_of_main                                  (abs)        000000
__smallconst                                    smallconst   000000
_eusart1RxBuffer                                bssCOMRAM    000009
_eusart1RxCount                                 bssCOMRAM    000036
_eusart1RxHead                                  bssCOMRAM    000038
_eusart1RxLastError                             bssCOMRAM    000035
_eusart1RxStatusBuffer                          bssCOMRAM    000001
_eusart1RxTail                                  bssCOMRAM    000037
_eusart1TxBuffer                                bssCOMRAM    000011
_eusart1TxBufferRemaining                       nvCOMRAM     000045
_eusart1TxHead                                  bssCOMRAM    00003A
_eusart1TxTail                                  bssCOMRAM    000039
_main                                           text0        000798
btemp                                           temp         000051
end_of_initialization                           cinit        00074A
int$flags                                       temp         000051
int_func                                        intcode_body 0004D0
intlevel0                                       text         000000
intlevel1                                       text         000000
intlevel2                                       text         000000
intlevel3                                       text         000000
stackhi                                         (abs)        000E40
stacklo                                         (abs)        000060
start                                           init         00015E
start_initialization                            cinit        00073E
ttemp5                                          temp         000052
ttemp6                                          temp         000055
ttemp7                                          temp         000059
wtemp8                                          temp         000052


FUNCTION INFORMATION:

 *************** function _main *****************
 Defined at:
		line 49 in file "main.c"
 Parameters:    Size  Location     Type
		None
 Auto vars:     Size  Location     Type
		None
 Return value:  Size  Location     Type
                  1    wreg      void 
 Registers used:
		wreg, status,2, status,0, cstack
 Tracked objects:
		On entry : 
		On exit  : 
		Unchanged: 
 Data sizes:     COMRAM   BANK0   BANK1   BANK2   BANK3   BANK4   BANK5   BANK6   BANK7   BANK8   BANK9  BANK10  BANK11  BANK12  BANK13  BANK14
      Params:         0       0       0       0       0       0       0       0       0       0       0       0       0       0       0       0
      Locals:         0       0       0       0       0       0       0       0       0       0       0       0       0       0       0       0
      Temps:          0       0       0       0       0       0       0       0       0       0       0       0       0       0       0       0
      Totals:         0       0       0       0       0       0       0       0       0       0       0       0       0       0       0       0
Total ram usage:        0 bytes
 Hardware stack levels required when called:   10
 This function calls:
		_SYSTEM_Initialize
 This function is called by:
		Startup code after reset
 This function uses a non-reentrant model


 *************** function _SYSTEM_Initialize *****************
 Defined at:
		line 50 in file "mcc_generated_files/mcc.c"
 Parameters:    Size  Location     Type
		None
 Auto vars:     Size  Location     Type
		None
 Return value:  Size  Location     Type
                  1    wreg      void 
 Registers used:
		wreg, status,2, status,0, cstack
 Tracked objects:
		On entry : 
		On exit  : 
		Unchanged: 
 Data sizes:     COMRAM   BANK0   BANK1   BANK2   BANK3   BANK4   BANK5   BANK6   BANK7   BANK8   BANK9  BANK10  BANK11  BANK12  BANK13  BANK14
      Params:         0       0       0       0       0       0       0       0       0       0       0       0       0       0       0       0
      Locals:         0       0       0       0       0       0       0       0       0       0       0       0       0       0       0       0
      Temps:          0       0       0       0       0       0       0       0       0       0       0       0       0       0       0       0
      Totals:         0       0       0       0       0       0       0       0       0       0       0       0       0       0       0       0
Total ram usage:        0 bytes
 Hardware stack levels used:    1
 Hardware stack levels required when called:    9
 This function calls:
		_ECAN_Initialize
		_EUSART1_Initialize
		_INTERRUPT_Initialize
		_OSCILLATOR_Initialize
		_PIN_MANAGER_Initialize
 This function is called by:
		_main
 This function uses a non-reentrant model


 *************** function _PIN_MANAGER_Initialize *****************
 Defined at:
		line 55 in file "mcc_generated_files/pin_manager.c"
 Parameters:    Size  Location     Type
		None
 Auto vars:     Size  Location     Type
		None
 Return value:  Size  Location     Type
                  1    wreg      void 
 Registers used:
		wreg, status,2
 Tracked objects:
		On entry : 
		On exit  : 
		Unchanged: 
 Data sizes:     COMRAM   BANK0   BANK1   BANK2   BANK3   BANK4   BANK5   BANK6   BANK7   BANK8   BANK9  BANK10  BANK11  BANK12  BANK13  BANK14
      Params:         0       0       0       0       0       0       0       0       0       0       0       0       0       0       0       0
      Locals:         0       0       0       0       0       0       0       0       0       0       0       0       0       0       0       0
      Temps:          0       0       0       0       0       0       0       0       0       0       0       0       0       0       0       0
      Totals:         0       0       0       0       0       0       0       0       0       0       0       0       0       0       0       0
Total ram usage:        0 bytes
 Hardware stack levels used:    1
 Hardware stack levels required when called:    7
 This function calls:
		Nothing
 This function is called by:
		_SYSTEM_Initialize
 This function uses a non-reentrant model


 *************** function _OSCILLATOR_Initialize *****************
 Defined at:
		line 60 in file "mcc_generated_files/mcc.c"
 Parameters:    Size  Location     Type
		None
 Auto vars:     Size  Location     Type
		None
 Return value:  Size  Location     Type
                  1    wreg      void 
 Registers used:
		wreg, status,2
 Tracked objects:
		On entry : 
		On exit  : 
		Unchanged: 
 Data sizes:     COMRAM   BANK0   BANK1   BANK2   BANK3   BANK4   BANK5   BANK6   BANK7   BANK8   BANK9  BANK10  BANK11  BANK12  BANK13  BANK14
      Params:         0       0       0       0       0       0       0       0       0       0       0       0       0       0       0       0
      Locals:         0       0       0       0       0       0       0       0       0       0       0       0       0       0       0       0
      Temps:          0       0       0       0       0       0       0       0       0       0       0       0       0       0       0       0
      Totals:         0       0       0       0       0       0       0       0       0       0       0       0       0       0       0       0
Total ram usage:        0 bytes
 Hardware stack levels used:    1
 Hardware stack levels required when called:    7
 This function calls:
		Nothing
 This function is called by:
		_SYSTEM_Initialize
 This function uses a non-reentrant model


 *************** function _INTERRUPT_Initialize *****************
 Defined at:
		line 52 in file "mcc_generated_files/interrupt_manager.c"
 Parameters:    Size  Location     Type
		None
 Auto vars:     Size  Location     Type
		None
 Return value:  Size  Location     Type
                  1    wreg      void 
 Registers used:
		None
 Tracked objects:
		On entry : 
		On exit  : 
		Unchanged: 
 Data sizes:     COMRAM   BANK0   BANK1   BANK2   BANK3   BANK4   BANK5   BANK6   BANK7   BANK8   BANK9  BANK10  BANK11  BANK12  BANK13  BANK14
      Params:         0       0       0       0       0       0       0       0       0       0       0       0       0       0       0       0
      Locals:         0       0       0       0       0       0       0       0       0       0       0       0       0       0       0       0
      Temps:          0       0       0       0       0       0       0       0       0       0       0       0       0       0       0       0
      Totals:         0       0       0       0       0       0       0       0       0       0       0       0       0       0       0       0
Total ram usage:        0 bytes
 Hardware stack levels used:    1
 Hardware stack levels required when called:    7
 This function calls:
		Nothing
 This function is called by:
		_SYSTEM_Initialize
 This function uses a non-reentrant model


 *************** function _EUSART1_Initialize *****************
 Defined at:
		line 88 in file "mcc_generated_files/eusart1.c"
 Parameters:    Size  Location     Type
		None
 Auto vars:     Size  Location     Type
		None
 Return value:  Size  Location     Type
                  1    wreg      void 
 Registers used:
		wreg, status,2, status,0, cstack
 Tracked objects:
		On entry : 
		On exit  : 
		Unchanged: 
 Data sizes:     COMRAM   BANK0   BANK1   BANK2   BANK3   BANK4   BANK5   BANK6   BANK7   BANK8   BANK9  BANK10  BANK11  BANK12  BANK13  BANK14
      Params:         0       0       0       0       0       0       0       0       0       0       0       0       0       0       0       0
      Locals:         0       0       0       0       0       0       0       0       0       0       0       0       0       0       0       0
      Temps:          0       0       0       0       0       0       0       0       0       0       0       0       0       0       0       0
      Totals:         0       0       0       0       0       0       0       0       0       0       0       0       0       0       0       0
Total ram usage:        0 bytes
 Hardware stack levels used:    1
 Hardware stack levels required when called:    8
 This function calls:
		_EUSART1_SetErrorHandler
		_EUSART1_SetFramingErrorHandler
		_EUSART1_SetOverrunErrorHandler
		_EUSART1_SetRxInterruptHandler
		_EUSART1_SetTxInterruptHandler
 This function is called by:
		_SYSTEM_Initialize
 This function uses a non-reentrant model


 *************** function _EUSART1_SetTxInterruptHandler *****************
 Defined at:
		line 276 in file "mcc_generated_files/eusart1.c"
 Parameters:    Size  Location     Type
  interruptHan    2    8[COMRAM] PTR FTN()void 
		 -> EUSART1_Transmit_ISR(1), 
 Auto vars:     Size  Location     Type
		None
 Return value:  Size  Location     Type
                  1    wreg      void 
 Registers used:
		wreg, status,2, status,0
 Tracked objects:
		On entry : 
		On exit  : 
		Unchanged: 
 Data sizes:     COMRAM   BANK0   BANK1   BANK2   BANK3   BANK4   BANK5   BANK6   BANK7   BANK8   BANK9  BANK10  BANK11  BANK12  BANK13  BANK14
      Params:         2       0       0       0       0       0       0       0       0       0       0       0       0       0       0       0
      Locals:         0       0       0       0       0       0       0       0       0       0       0       0       0       0       0       0
      Temps:          0       0       0       0       0       0       0       0       0       0       0       0       0       0       0       0
      Totals:         2       0       0       0       0       0       0       0       0       0       0       0       0       0       0       0
Total ram usage:        2 bytes
 Hardware stack levels used:    1
 Hardware stack levels required when called:    7
 This function calls:
		Nothing
 This function is called by:
		_EUSART1_Initialize
 This function uses a non-reentrant model


 *************** function _EUSART1_SetRxInterruptHandler *****************
 Defined at:
		line 280 in file "mcc_generated_files/eusart1.c"
 Parameters:    Size  Location     Type
  interruptHan    2    8[COMRAM] PTR FTN()void 
		 -> EUSART1_Receive_ISR(1), 
 Auto vars:     Size  Location     Type
		None
 Return value:  Size  Location     Type
                  1    wreg      void 
 Registers used:
		wreg, status,2, status,0
 Tracked objects:
		On entry : 
		On exit  : 
		Unchanged: 
 Data sizes:     COMRAM   BANK0   BANK1   BANK2   BANK3   BANK4   BANK5   BANK6   BANK7   BANK8   BANK9  BANK10  BANK11  BANK12  BANK13  BANK14
      Params:         2       0       0       0       0       0       0       0       0       0       0       0       0       0       0       0
      Locals:         0       0       0       0       0       0       0       0       0       0       0       0       0       0       0       0
      Temps:          0       0       0       0       0       0       0       0       0       0       0       0       0       0       0       0
      Totals:         2       0       0       0       0       0       0       0       0       0       0       0       0       0       0       0
Total ram usage:        2 bytes
 Hardware stack levels used:    1
 Hardware stack levels required when called:    7
 This function calls:
		Nothing
 This function is called by:
		_EUSART1_Initialize
 This function uses a non-reentrant model


 *************** function _EUSART1_SetOverrunErrorHandler *****************
 Defined at:
		line 268 in file "mcc_generated_files/eusart1.c"
 Parameters:    Size  Location     Type
  interruptHan    2    8[COMRAM] PTR FTN()void 
		 -> EUSART1_DefaultOverrunErrorHandler(1), 
 Auto vars:     Size  Location     Type
		None
 Return value:  Size  Location     Type
                  1    wreg      void 
 Registers used:
		wreg, status,2, status,0
 Tracked objects:
		On entry : 
		On exit  : 
		Unchanged: 
 Data sizes:     COMRAM   BANK0   BANK1   BANK2   BANK3   BANK4   BANK5   BANK6   BANK7   BANK8   BANK9  BANK10  BANK11  BANK12  BANK13  BANK14
      Params:         2       0       0       0       0       0       0       0       0       0       0       0       0       0       0       0
      Locals:         0       0       0       0       0       0       0       0       0       0       0       0       0       0       0       0
      Temps:          0       0       0       0       0       0       0       0       0       0       0       0       0       0       0       0
      Totals:         2       0       0       0       0       0       0       0       0       0       0       0       0       0       0       0
Total ram usage:        2 bytes
 Hardware stack levels used:    1
 Hardware stack levels required when called:    7
 This function calls:
		Nothing
 This function is called by:
		_EUSART1_Initialize
 This function uses a non-reentrant model


 *************** function _EUSART1_SetFramingErrorHandler *****************
 Defined at:
		line 264 in file "mcc_generated_files/eusart1.c"
 Parameters:    Size  Location     Type
  interruptHan    2    8[COMRAM] PTR FTN()void 
		 -> EUSART1_DefaultFramingErrorHandler(1), 
 Auto vars:     Size  Location     Type
		None
 Return value:  Size  Location     Type
                  1    wreg      void 
 Registers used:
		wreg, status,2, status,0
 Tracked objects:
		On entry : 
		On exit  : 
[...]
      Locals:         0       0       0       0       0       0       0       0       0       0       0       0       0       0       0       0
      Temps:          0       0       0       0       0       0       0       0       0       0       0       0       0       0       0       0
      Totals:         0       0       0       0       0       0       0       0       0       0       0       0       0       0       0       0
Total ram usage:        0 bytes
 Hardware stack levels used:    1
 Hardware stack levels required when called:    4
 This function calls:
		Nothing
 This function is called by:
		_ECAN_Initialize
		_ECAN_ERRI_ISR
 This function uses a non-reentrant model


 *************** function _RXPassiveDefaultHandler *****************
 Defined at:
		line 85 in file "mcc_generated_files/ecan.c"
 Parameters:    Size  Location     Type
		None
 Auto vars:     Size  Location     Type
		None
 Return value:  Size  Location     Type
                  1    wreg      void 
 Registers used:
		None
 Tracked objects:
		On entry : 
		On exit  : 
		Unchanged: 
 Data sizes:     COMRAM   BANK0   BANK1   BANK2   BANK3   BANK4   BANK5   BANK6   BANK7   BANK8   BANK9  BANK10  BANK11  BANK12  BANK13  BANK14
      Params:         0       0       0       0       0       0       0       0       0       0       0       0       0       0       0       0
      Locals:         0       0       0       0       0       0       0       0       0       0       0       0       0       0       0       0
      Temps:          0       0       0       0       0       0       0       0       0       0       0       0       0       0       0       0
      Totals:         0       0       0       0       0       0       0       0       0       0       0       0       0       0       0       0
Total ram usage:        0 bytes
 Hardware stack levels used:    1
 Hardware stack levels required when called:    4
 This function calls:
		Nothing
 This function is called by:
		_ECAN_Initialize
		_ECAN_ERRI_ISR
 This function uses a non-reentrant model


 *************** function _RXB1OverflowDefaultHandler *****************
 Defined at:
		line 82 in file "mcc_generated_files/ecan.c"
 Parameters:    Size  Location     Type
		None
 Auto vars:     Size  Location     Type
		None
 Return value:  Size  Location     Type
                  1    wreg      void 
 Registers used:
		None
 Tracked objects:
		On entry : 
		On exit  : 
		Unchanged: 
 Data sizes:     COMRAM   BANK0   BANK1   BANK2   BANK3   BANK4   BANK5   BANK6   BANK7   BANK8   BANK9  BANK10  BANK11  BANK12  BANK13  BANK14
      Params:         0       0       0       0       0       0       0       0       0       0       0       0       0       0       0       0
      Locals:         0       0       0       0       0       0       0       0       0       0       0       0       0       0       0       0
      Temps:          0       0       0       0       0       0       0       0       0       0       0       0       0       0       0       0
      Totals:         0       0       0       0       0       0       0       0       0       0       0       0       0       0       0       0
Total ram usage:        0 bytes
 Hardware stack levels used:    1
 Hardware stack levels required when called:    4
 This function calls:
		Nothing
 This function is called by:
		_ECAN_Initialize
		_ECAN_ERRI_ISR
 This function uses a non-reentrant model


 *************** function _RXB0OverflowDefaultHandler *****************
 Defined at:
		line 81 in file "mcc_generated_files/ecan.c"
 Parameters:    Size  Location     Type
		None
 Auto vars:     Size  Location     Type
		None
 Return value:  Size  Location     Type
                  1    wreg      void 
 Registers used:
		None
 Tracked objects:
		On entry : 
		On exit  : 
		Unchanged: 
 Data sizes:     COMRAM   BANK0   BANK1   BANK2   BANK3   BANK4   BANK5   BANK6   BANK7   BANK8   BANK9  BANK10  BANK11  BANK12  BANK13  BANK14
      Params:         0       0       0       0       0       0       0       0       0       0       0       0       0       0       0       0
      Locals:         0       0       0       0       0       0       0       0       0       0       0       0       0       0       0       0
      Temps:          0       0       0       0       0       0       0       0       0       0       0       0       0       0       0       0
      Totals:         0       0       0       0       0       0       0       0       0       0       0       0       0       0       0       0
Total ram usage:        0 bytes
 Hardware stack levels used:    1
 Hardware stack levels required when called:    4
 This function calls:
		Nothing
 This function is called by:
		_ECAN_Initialize
		_ECAN_ERRI_ISR
 This function uses a non-reentrant model


 *************** function _BusOffDefaultHandler *****************
 Defined at:
		line 83 in file "mcc_generated_files/ecan.c"
 Parameters:    Size  Location     Type
		None
 Auto vars:     Size  Location     Type
		None
 Return value:  Size  Location     Type
                  1    wreg      void 
 Registers used:
		None
 Tracked objects:
		On entry : 
		On exit  : 
		Unchanged: 
 Data sizes:     COMRAM   BANK0   BANK1   BANK2   BANK3   BANK4   BANK5   BANK6   BANK7   BANK8   BANK9  BANK10  BANK11  BANK12  BANK13  BANK14
      Params:         0       0       0       0       0       0       0       0       0       0       0       0       0       0       0       0
      Locals:         0       0       0       0       0       0       0       0       0       0       0       0       0       0       0       0
      Temps:          0       0       0       0       0       0       0       0       0       0       0       0       0       0       0       0
      Totals:         0       0       0       0       0       0       0       0       0       0       0       0       0       0       0       0
Total ram usage:        0 bytes
 Hardware stack levels used:    1
 Hardware stack levels required when called:    4
 This function calls:
		Nothing
 This function is called by:
		_ECAN_Initialize
		_ECAN_ERRI_ISR
 This function uses a non-reentrant model


 *************** function _INTERRUPT_InterruptManagerHigh *****************
 Defined at:
		line 92 in file "mcc_generated_files/interrupt_manager.c"
 Parameters:    Size  Location     Type
		None
 Auto vars:     Size  Location     Type
		None
 Return value:  Size  Location     Type
                  1    wreg      void 
 Registers used:
		wreg, fsr2l, fsr2h, status,2, status,0, pclath, tosl, cstack
 Tracked objects:
		On entry : 
		On exit  : 
		Unchanged: 
 Data sizes:     COMRAM   BANK0   BANK1   BANK2   BANK3   BANK4   BANK5   BANK6   BANK7   BANK8   BANK9  BANK10  BANK11  BANK12  BANK13  BANK14
      Params:         0       0       0       0       0       0       0       0       0       0       0       0       0       0       0       0
      Locals:         0       0       0       0       0       0       0       0       0       0       0       0       0       0       0       0
      Temps:          4       0       0       0       0       0       0       0       0       0       0       0       0       0       0       0
      Totals:         4       0       0       0       0       0       0       0       0       0       0       0       0       0       0       0
Total ram usage:        4 bytes
 Hardware stack levels used:    1
 Hardware stack levels required when called:    3
 This function calls:
		Absolute function
		_EUSART1_Receive_ISR
		_EUSART1_Transmit_ISR
 This function is called by:
		Interrupt level 2
 This function uses a non-reentrant model


 *************** function _EUSART1_Transmit_ISR *****************
 Defined at:
		line 197 in file "mcc_generated_files/eusart1.c"
 Parameters:    Size  Location     Type
		None
 Auto vars:     Size  Location     Type
		None
 Return value:  Size  Location     Type
                  1    wreg      void 
 Registers used:
		wreg, fsr2l, fsr2h, status,2, status,0
 Tracked objects:
		On entry : 
		On exit  : 
		Unchanged: 
 Data sizes:     COMRAM   BANK0   BANK1   BANK2   BANK3   BANK4   BANK5   BANK6   BANK7   BANK8   BANK9  BANK10  BANK11  BANK12  BANK13  BANK14
      Params:         0       0       0       0       0       0       0       0       0       0       0       0       0       0       0       0
      Locals:         0       0       0       0       0       0       0       0       0       0       0       0       0       0       0       0
      Temps:          0       0       0       0       0       0       0       0       0       0       0       0       0       0       0       0
      Totals:         0       0       0       0       0       0       0       0       0       0       0       0       0       0       0       0
Total ram usage:        0 bytes
 Hardware stack levels used:    1
 This function calls:
		Nothing
 This function is called by:
		_EUSART1_Initialize
		_INTERRUPT_InterruptManagerHigh
 This function uses a non-reentrant model


 *************** function _EUSART1_Receive_ISR *****************
 Defined at:
		line 216 in file "mcc_generated_files/eusart1.c"
 Parameters:    Size  Location     Type
		None
 Auto vars:     Size  Location     Type
		None
 Return value:  Size  Location     Type
                  1    wreg      void 
 Registers used:
		wreg, fsr2l, fsr2h, status,2, status,0, pclath, tosl, cstack
 Tracked objects:
		On entry : 
		On exit  : 
		Unchanged: 
 Data sizes:     COMRAM   BANK0   BANK1   BANK2   BANK3   BANK4   BANK5   BANK6   BANK7   BANK8   BANK9  BANK10  BANK11  BANK12  BANK13  BANK14
      Params:         0       0       0       0       0       0       0       0       0       0       0       0       0       0       0       0
      Locals:         0       0       0       0       0       0       0       0       0       0       0       0       0       0       0       0
      Temps:          0       0       0       0       0       0       0       0       0       0       0       0       0       0       0       0
      Totals:         0       0       0       0       0       0       0       0       0       0       0       0       0       0       0       0
Total ram usage:        0 bytes
 Hardware stack levels used:    1
 Hardware stack levels required when called:    2
 This function calls:
		Absolute function
		_EUSART1_DefaultErrorHandler
		_EUSART1_DefaultFramingErrorHandler
		_EUSART1_DefaultOverrunErrorHandler
		_EUSART1_RxDataHandler
 This function is called by:
		_EUSART1_Initialize
		_INTERRUPT_InterruptManagerHigh
 This function uses a non-reentrant model


 *************** function _EUSART1_DefaultOverrunErrorHandler *****************
 Defined at:
		line 252 in file "mcc_generated_files/eusart1.c"
 Parameters:    Size  Location     Type
		None
 Auto vars:     Size  Location     Type
		None
 Return value:  Size  Location     Type
                  1    wreg      void 
 Registers used:
		None
 Tracked objects:
		On entry : 
		On exit  : 
		Unchanged: 
 Data sizes:     COMRAM   BANK0   BANK1   BANK2   BANK3   BANK4   BANK5   BANK6   BANK7   BANK8   BANK9  BANK10  BANK11  BANK12  BANK13  BANK14
      Params:         0       0       0       0       0       0       0       0       0       0       0       0       0       0       0       0
      Locals:         0       0       0       0       0       0       0       0       0       0       0       0       0       0       0       0
      Temps:          0       0       0       0       0       0       0       0       0       0       0       0       0       0       0       0
      Totals:         0       0       0       0       0       0       0       0       0       0       0       0       0       0       0       0
Total ram usage:        0 bytes
 Hardware stack levels used:    1
 This function calls:
		Nothing
 This function is called by:
		_EUSART1_Initialize
		_EUSART1_Receive_ISR
 This function uses a non-reentrant model


 *************** function _EUSART1_DefaultFramingErrorHandler *****************
 Defined at:
		line 250 in file "mcc_generated_files/eusart1.c"
 Parameters:    Size  Location     Type
		None
 Auto vars:     Size  Location     Type
		None
 Return value:  Size  Location     Type
                  1    wreg      void 
 Registers used:
		None
 Tracked objects:
		On entry : 
		On exit  : 
		Unchanged: 
 Data sizes:     COMRAM   BANK0   BANK1   BANK2   BANK3   BANK4   BANK5   BANK6   BANK7   BANK8   BANK9  BANK10  BANK11  BANK12  BANK13  BANK14
      Params:         0       0       0       0       0       0       0       0       0       0       0       0       0       0       0       0
      Locals:         0       0       0       0       0       0       0       0       0       0       0       0       0       0       0       0
      Temps:          0       0       0       0       0       0       0       0       0       0       0       0       0       0       0       0
      Totals:         0       0       0       0       0       0       0       0       0       0       0       0       0       0       0       0
Total ram usage:        0 bytes
 Hardware stack levels used:    1
 This function calls:
		Nothing
 This function is called by:
		_EUSART1_Initialize
		_EUSART1_Receive_ISR
 This function uses a non-reentrant model


 *************** function _EUSART1_DefaultErrorHandler *****************
 Defined at:
		line 260 in file "mcc_generated_files/eusart1.c"
 Parameters:    Size  Location     Type
		None
 Auto vars:     Size  Location     Type
		None
 Return value:  Size  Location     Type
                  1    wreg      void 
 Registers used:
		wreg, fsr2l, fsr2h, status,2, status,0, cstack
 Tracked objects:
		On entry : 
		On exit  : 
		Unchanged: 
 Data sizes:     COMRAM   BANK0   BANK1   BANK2   BANK3   BANK4   BANK5   BANK6   BANK7   BANK8   BANK9  BANK10  BANK11  BANK12  BANK13  BANK14
      Params:         0       0       0       0       0       0       0       0       0       0       0       0       0       0       0       0
      Locals:         0       0       0       0       0       0       0       0       0       0       0       0       0       0       0       0
      Temps:          0       0       0       0       0       0       0       0       0       0       0       0       0       0       0       0
      Totals:         0       0       0       0       0       0       0       0       0       0       0       0       0       0       0       0
Total ram usage:        0 bytes
 Hardware stack levels used:    1
 Hardware stack levels required when called:    1
 This function calls:
		_EUSART1_RxDataHandler
 This function is called by:
		_EUSART1_Initialize
		_EUSART1_Receive_ISR
 This function uses a non-reentrant model


 *************** function _EUSART1_RxDataHandler *****************
 Defined at:
		line 240 in file "mcc_generated_files/eusart1.c"
 Parameters:    Size  Location     Type
		None
 Auto vars:     Size  Location     Type
		None
 Return value:  Size  Location     Type
                  1    wreg      void 
 Registers used:
		wreg, fsr2l, fsr2h, status,2, status,0
 Tracked objects:
		On entry : 
		On exit  : 
		Unchanged: 
 Data sizes:     COMRAM   BANK0   BANK1   BANK2   BANK3   BANK4   BANK5   BANK6   BANK7   BANK8   BANK9  BANK10  BANK11  BANK12  BANK13  BANK14
      Params:         0       0       0       0       0       0       0       0       0       0       0       0       0       0       0       0
      Locals:         0       0       0       0       0       0       0       0       0       0       0       0       0       0       0       0
      Temps:          0       0       0       0       0       0       0       0       0       0       0       0       0       0       0       0
      Totals:         0       0       0       0       0       0       0       0       0       0       0       0       0       0       0       0
Total ram usage:        0 bytes
 Hardware stack levels used:    1
 This function calls:
		Nothing
 This function is called by:
		_EUSART1_Receive_ISR
		_EUSART1_DefaultErrorHandler
 This function uses a non-reentrant model



MODULE INFORMATION

Module		Function		Class		Link	Load	Size
mcc_generated_files/interrupt_manager.c
		_INTERRUPT_Initialize		CODE           	0758	0000	25
		_INTERRUPT_InterruptManagerLow		CODE           	0018	0000	327
		_INTERRUPT_InterruptManagerHigh		CODE           	0008	0000	155

mcc_generated_files/interrupt_manager.c estimated size: 507

mcc_generated_files/pin_manager.c
		_PIN_MANAGER_Initialize		CODE           	0618	0000	43

mcc_generated_files/pin_manager.c estimated size: 43

mcc_generated_files/ecan.c
		_MessageErrorDefaultInterruptHandler		CODE           	087A	0000	3
		_ECAN_RXB0I_ISR		CODE           	0702	0000	31
		_ECAN_RXB1I_ISR		CODE           	06E4	0000	31
		_ECAN_SetWakeUpInterruptHandler		CODE           	07D6	0000	11
		_ECAN_SetRXB0InterruptHandler		CODE           	0844	0000	11
		_ECAN_SetTXB0InterruptHandler		CODE           	0808	0000	11
		_ECAN_SetRXB1InterruptHandler		CODE           	0830	0000	11
		_BusOffDefaultHandler		CODE           	0888	0000	3
		_ECAN_SetTXB1InterruptHandler		CODE           	07FE	0000	11
		_ECAN_SetTXB2InterruptHandler		CODE           	07F4	0000	11
		_ECAN_SetMessageErrorInterruptHandler		CODE           	084E	0000	11
		_ECAN_SetRXB0OverflowHandler		CODE           	083A	0000	11
		_ECAN_SetRXB1OverflowHandler		CODE           	0826	0000	11
		_RXPassiveDefaultHandler		CODE           	0882	0000	3
		_ECAN_ERRI_ISR 		CODE           	02F4	0000	289
		_TXPassiveDefaultHandler		CODE           	087E	0000	3
		_ECAN_SetBusOffHandler		CODE           	0858	0000	11
		_ECAN_SetRXWarningHandler		CODE           	0812	0000	11
		_ECAN_SetTXWarningHandler		CODE           	07E0	0000	11
		_ECAN_SetRXPassiveHandler		CODE           	081C	0000	11
		_ECAN_SetTXPassiveHandler		CODE           	07EA	0000	11
		_ECAN_Initialize		CODE           	0162	0000	403
		_RXB0DefaultInterruptHandler		CODE           	0878	0000	3
		_TXB0DefaultInterruptHandler		CODE           	0874	0000	3
		_RXB0OverflowDefaultHandler		CODE           	0886	0000	3
		_RXB1DefaultInterruptHandler		CODE           	0876	0000	3
		_TXB1DefaultInterruptHandler		CODE           	0872	0000	3
		_RXB1OverflowDefaultHandler		CODE           	0884	0000	3
		_ECAN_IRXI_ISR 		CODE           	0720	0000	31
		_ECAN_TXB0I_ISR		CODE           	06C6	0000	31
		_ECAN_TXB1I_ISR		CODE           	06A8	0000	31
		_ECAN_TXB2I_ISR		CODE           	068A	0000	31
		_RXWarningDefaultHandler		CODE           	0880	0000	3
		_TXWarningDefaultHandler		CODE           	087C	0000	3
		_TXB2DefaultInterruptHandler		CODE           	0870	0000	3
		_WakeUpDefaultInterruptHandler		CODE           	086E	0000	3
		_ECAN_WAKI_ISR 		CODE           	066C	0000	31

mcc_generated_files/ecan.c estimated size: 1105

shared
		__initialization		CODE           	073E	0000	13

shared estimated size: 13

mcc_generated_files/eusart1.c
		_EUSART1_SetRxInterruptHandler		CODE           	07AE	0000	11
		_EUSART1_SetTxInterruptHandler		CODE           	07A4	0000	11
		_EUSART1_Initialize		CODE           	0564	0000	117
		_EUSART1_DefaultErrorHandler		CODE           	0868	0000	7
		_EUSART1_SetFramingErrorHandler		CODE           	07C2	0000	11
		_EUSART1_SetOverrunErrorHandler		CODE           	07B8	0000	11
		_EUSART1_SetErrorHandler		CODE           	07CC	0000	11
		_EUSART1_Receive_ISR		CODE           	0414	0000	189
		_EUSART1_RxDataHandler		CODE           	0642	0000	43
		_EUSART1_DefaultOverrunErrorHandler		CODE           	0862	0000	7
		_EUSART1_Transmit_ISR		CODE           	05D8	0000	65
		_EUSART1_DefaultFramingErrorHandler		CODE           	088A	0000	3

mcc_generated_files/eusart1.c estimated size: 486

mcc_generated_files/mcc.c
		_OSCILLATOR_Initialize		CODE           	0786	0000	19
		_SYSTEM_Initialize		CODE           	0770	0000	23

mcc_generated_files/mcc.c estimated size: 42

main.c
		_main          		CODE           	0798	0000	13

main.c estimated size: 13

